============================= test session starts =============================
platform win32 -- Python 3.12.10, pytest-9.0.3, pluggy-1.6.0
rootdir: C:\Users\Shreyas Hegde\Desktop\Northscale\NorthScale\backend
plugins: anyio-4.13.0
collected 4 items

tests\engines\test_pipeline.py FF..                                      [100%]

================================== FAILURES ===================================
______________________ test_full_pipeline_it_strong_buy _______________________

    def test_full_pipeline_it_strong_buy():
        metrics = FinancialMetricsInput(
            stock_id="test-id",
            ticker="TCS",
            sector_slug="it",
            snapshot_date=date(2024, 1, 1),
            roe=35.0,
            roce=45.0,
            revenue_3y_cagr=22.0,
            profit_3y_cagr=25.0,
            pe_ratio=28.0,
            debt_to_equity=0.02,
            interest_coverage=100.0,
            promoter_holding=72.0,
            promoter_pledge_pct=0.0,
            operating_margin=26.0,
            net_profit_ttm=1000.0,
            free_cash_flow=950.0,
            freshness_score=100
        )
    
        result = run_scoring_pipeline(metrics)
    
        assert result.ticker == "TCS"
>       assert result.recommendation == RecommendationCategory.STRONG_BUY
E       AssertionError: assert <Recommendati...ry.BUY: 'BUY'> == <Recommendati... 'STRONG_BUY'>
E         
E         - STRONG_BUY
E         + BUY

tests\engines\test_pipeline.py:36: AssertionError
---------------------------- Captured stdout call -----------------------------
\x1b[32m2026-05-10 08:46:22\x1b[0m | \x1b[1mINFO    \x1b[0m | \x1b[36mengines.pipeline\x1b[0m:\x1b[36mrun_scoring_pipeline\x1b[0m:\x1b[36m177\x1b[0m - \x1b[1m[PIPELINE] Running scoring pipeline for TCS | sector=it\x1b[0m\n\x1b[32m2026-05-10 08:46:22\x1b[0m | \x1b[1mINFO    \x1b[0m | \x1b[36mengines.pipeline\x1b[0m:\x1b[36mrun_scoring_pipeline\x1b[0m:\x1b[36m197\x1b[0m - \x1b[1m[PIPELINE] TCS conviction=8.32 | tier=STRONG | confidence=VERY_HIGH\x1b[0m\n\x1b[32m2026-05-10 08:46:22\x1b[0m | \x1b[1mINFO    \x1b[0m | \x1b[36mengines.pipeline\x1b[0m:\x1b[36mrun_scoring_pipeline\x1b[0m:\x1b[36m204\x1b[0m - \x1b[1m[PIPELINE] TCS \u2192 BUY\x1b[0m
_______________________ test_full_pipeline_banking_buy ________________________

    def test_full_pipeline_banking_buy():
        metrics = FinancialMetricsInput(
            stock_id="test-id-2",
            ticker="HDFCBANK",
            sector_slug="banking",
            snapshot_date=date(2024, 1, 1),
            roe=18.0,
            revenue_3y_cagr=15.0,
            pb_ratio=2.2,
            gnpa_ratio=1.2,
            nnpa_ratio=0.3,
            casa_ratio=42.0,
            car_ratio=18.5,
            nim=4.1,
            promoter_holding=25.0, # Banks often have lower promoter holding
            freshness_score=90
        )
    
        result = run_scoring_pipeline(metrics)
    
>       assert result.recommendation in [RecommendationCategory.BUY, RecommendationCategory.STRONG_BUY]
E       AssertionError: assert <RecommendationCategory.WATCHLIST: 'WATCHLIST'> in [<RecommendationCategory.BUY: 'BUY'>, <RecommendationCategory.STRONG_BUY: 'STRONG_BUY'>]
E        +  where <RecommendationCategory.WATCHLIST: 'WATCHLIST'> = ScoringResult(stock_id='test-id-2', ticker='HDFCBANK', sector_slug='banking', snapshot_date=datetime.date(2024, 1, 1),...e, ownership_snapshot_id=None, scoring_version='1.0.0', generated_at=datetime.datetime(2026, 5, 10, 3, 16, 22, 423904)).recommendation

tests\engines\test_pipeline.py:62: AssertionError
---------------------------- Captured stdout call -----------------------------
\x1b[32m2026-05-10 08:46:22\x1b[0m | \x1b[1mINFO    \x1b[0m | \x1b[36mengines.pipeline\x1b[0m:\x1b[36mrun_scoring_pipeline\x1b[0m:\x1b[36m177\x1b[0m - \x1b[1m[PIPELINE] Running scoring pipeline for HDFCBANK | sector=banking\x1b[0m\n\x1b[32m2026-05-10 08:46:22\x1b[0m | \x1b[1mINFO    \x1b[0m | \x1b[36mengines.pipeline\x1b[0m:\x1b[36mrun_scoring_pipeline\x1b[0m:\x1b[36m197\x1b[0m - \x1b[1m[PIPELINE] HDFCBANK conviction=4.78 | tier=WEAK | confidence=MODERATE\x1b[0m\n\x1b[32m2026-05-10 08:46:22\x1b[0m | \x1b[1mINFO    \x1b[0m | \x1b[36mengines.pipeline\x1b[0m:\x1b[36mrun_scoring_pipeline\x1b[0m:\x1b[36m204\x1b[0m - \x1b[1m[PIPELINE] HDFCBANK \u2192 WATCHLIST\x1b[0m
============================== warnings summary ===============================
tests/engines/test_pipeline.py::test_full_pipeline_it_strong_buy
tests/engines/test_pipeline.py::test_full_pipeline_banking_buy
tests/engines/test_pipeline.py::test_pipeline_high_risk_sell
tests/engines/test_pipeline.py::test_pipeline_stale_data_low_confidence
  C:\Users\Shreyas Hegde\Desktop\Northscale\NorthScale\backend\.venv\Lib\site-packages\pydantic\main.py:263: DeprecationWarning: datetime.datetime.utcnow() is deprecated and scheduled for removal in a future version. Use timezone-aware objects to represent datetimes in UTC: datetime.datetime.now(datetime.UTC).
    validated_self = self.__pydantic_validator__.validate_python(data, self_instance=self)

-- Docs: https://docs.pytest.org/en/stable/how-to/capture-warnings.html
=========================== short test summary info ===========================
FAILED tests/engines/test_pipeline.py::test_full_pipeline_it_strong_buy - Ass...
FAILED tests/engines/test_pipeline.py::test_full_pipeline_banking_buy - Asser...
=================== 2 failed, 2 passed, 4 warnings in 0.18s ===================
